// Jest Snapshot v1, https://goo.gl/fbAQLP

exports[`createFromPartialInterface 1`] = `
"export interface SG721Message {
  contractAddress: string;
  sender: string;
  transferNft: ({
    recipient,
    tokenId
  }: {
    recipient: string;
    tokenId: string;
  }, funds?: readonly Coin[]) => MsgExecuteContractEncodeObject;
  sendNft: ({
    contract,
    msg,
    tokenId
  }: {
    contract: string;
    msg: Binary;
    tokenId: string;
  }, funds?: readonly Coin[]) => MsgExecuteContractEncodeObject;
  approve: ({
    expires,
    spender,
    tokenId
  }: {
    expires?: Expiration;
    spender: string;
    tokenId: string;
  }, funds?: readonly Coin[]) => MsgExecuteContractEncodeObject;
  revoke: ({
    spender,
    tokenId
  }: {
    spender: string;
    tokenId: string;
  }, funds?: readonly Coin[]) => MsgExecuteContractEncodeObject;
  approveAll: ({
    expires,
    operator
  }: {
    expires?: Expiration;
    operator: string;
  }, funds?: readonly Coin[]) => MsgExecuteContractEncodeObject;
  revokeAll: ({
    operator
  }: {
    operator: string;
  }, funds?: readonly Coin[]) => MsgExecuteContractEncodeObject;
  mint: (funds?: readonly Coin[]) => MsgExecuteContractEncodeObject;
  burn: ({
    tokenId
  }: {
    tokenId: string;
  }, funds?: readonly Coin[]) => MsgExecuteContractEncodeObject;
}"
`;

exports[`execute classes 1`] = `
"export class SG721MessageComposer implements SG721Message {
  sender: string;
  contractAddress: string;

  constructor(sender: string, contractAddress: string) {
    this.sender = sender;
    this.contractAddress = contractAddress;
    this.transferNft = this.transferNft.bind(this);
    this.sendNft = this.sendNft.bind(this);
    this.approve = this.approve.bind(this);
    this.revoke = this.revoke.bind(this);
    this.approveAll = this.approveAll.bind(this);
    this.revokeAll = this.revokeAll.bind(this);
    this.mint = this.mint.bind(this);
    this.burn = this.burn.bind(this);
  }

  transferNft = ({
    recipient,
    tokenId
  }: {
    recipient: string;
    tokenId: string;
  }, funds?: readonly Coin[]): MsgExecuteContractEncodeObject => {
    return {
      typeUrl: \\"/cosmwasm.wasm.v1.MsgExecuteContract\\",
      value: MsgExecuteContract.fromPartial({
        sender: this.sender,
        contract: this.contractAddress,
        msg: toUtf8(JSON.stringify({
          transfer_nft: {
            recipient,
            token_id: tokenId
          }
        })),
        funds
      })
    };
  };
  sendNft = ({
    contract,
    msg,
    tokenId
  }: {
    contract: string;
    msg: Binary;
    tokenId: string;
  }, funds?: readonly Coin[]): MsgExecuteContractEncodeObject => {
    return {
      typeUrl: \\"/cosmwasm.wasm.v1.MsgExecuteContract\\",
      value: MsgExecuteContract.fromPartial({
        sender: this.sender,
        contract: this.contractAddress,
        msg: toUtf8(JSON.stringify({
          send_nft: {
            contract,
            msg,
            token_id: tokenId
          }
        })),
        funds
      })
    };
  };
  approve = ({
    expires,
    spender,
    tokenId
  }: {
    expires?: Expiration;
    spender: string;
    tokenId: string;
  }, funds?: readonly Coin[]): MsgExecuteContractEncodeObject => {
    return {
      typeUrl: \\"/cosmwasm.wasm.v1.MsgExecuteContract\\",
      value: MsgExecuteContract.fromPartial({
        sender: this.sender,
        contract: this.contractAddress,
        msg: toUtf8(JSON.stringify({
          approve: {
            expires,
            spender,
            token_id: tokenId
          }
        })),
        funds
      })
    };
  };
  revoke = ({
    spender,
    tokenId
  }: {
    spender: string;
    tokenId: string;
  }, funds?: readonly Coin[]): MsgExecuteContractEncodeObject => {
    return {
      typeUrl: \\"/cosmwasm.wasm.v1.MsgExecuteContract\\",
      value: MsgExecuteContract.fromPartial({
        sender: this.sender,
        contract: this.contractAddress,
        msg: toUtf8(JSON.stringify({
          revoke: {
            spender,
            token_id: tokenId
          }
        })),
        funds
      })
    };
  };
  approveAll = ({
    expires,
    operator
  }: {
    expires?: Expiration;
    operator: string;
  }, funds?: readonly Coin[]): MsgExecuteContractEncodeObject => {
    return {
      typeUrl: \\"/cosmwasm.wasm.v1.MsgExecuteContract\\",
      value: MsgExecuteContract.fromPartial({
        sender: this.sender,
        contract: this.contractAddress,
        msg: toUtf8(JSON.stringify({
          approve_all: {
            expires,
            operator
          }
        })),
        funds
      })
    };
  };
  revokeAll = ({
    operator
  }: {
    operator: string;
  }, funds?: readonly Coin[]): MsgExecuteContractEncodeObject => {
    return {
      typeUrl: \\"/cosmwasm.wasm.v1.MsgExecuteContract\\",
      value: MsgExecuteContract.fromPartial({
        sender: this.sender,
        contract: this.contractAddress,
        msg: toUtf8(JSON.stringify({
          revoke_all: {
            operator
          }
        })),
        funds
      })
    };
  };
  mint = (funds?: readonly Coin[]): MsgExecuteContractEncodeObject => {
    return {
      typeUrl: \\"/cosmwasm.wasm.v1.MsgExecuteContract\\",
      value: MsgExecuteContract.fromPartial({
        sender: this.sender,
        contract: this.contractAddress,
        msg: toUtf8(JSON.stringify({
          mint: {}
        })),
        funds
      })
    };
  };
  burn = ({
    tokenId
  }: {
    tokenId: string;
  }, funds?: readonly Coin[]): MsgExecuteContractEncodeObject => {
    return {
      typeUrl: \\"/cosmwasm.wasm.v1.MsgExecuteContract\\",
      value: MsgExecuteContract.fromPartial({
        sender: this.sender,
        contract: this.contractAddress,
        msg: toUtf8(JSON.stringify({
          burn: {
            token_id: tokenId
          }
        })),
        funds
      })
    };
  };
}"
`;
